src/app/Componentes/ComponEstadistica/DetailModal.tsx(28,81): error TS2322: Type 'Department' is not assignable to type 'ReactNode'.
src/app/Componentes/ComponEstadistica/DetailModal.tsx(28,105): error TS2322: Type 'Office' is not assignable to type 'ReactNode'.
src/app/Componentes/ComponEstadistica/DetailModal.tsx(29,88): error TS2339: Property 'category' does not exist on type 'Employee'.
src/app/Componentes/ComponEstadistica/Globalstat.tsx(33,11): error TS2538: Type 'Department' cannot be used as an index type.
src/app/Componentes/ComponEstadistica/Globalstat.tsx(33,31): error TS2538: Type 'Department' cannot be used as an index type.
src/app/Componentes/ComponEstadistica/Globalstat.tsx(34,11): error TS2538: Type 'Department' cannot be used as an index type.
src/app/Componentes/ComponEstadistica/Globalstat.tsx(35,11): error TS2538: Type 'Department' cannot be used as an index type.
src/app/Componentes/ComponEstadistica/Globalstat.tsx(44,9): error TS2339: Property 'activityType' does not exist on type 'Employee'.
src/app/Componentes/ComponEstadistica/Globalstat.tsx(44,31): error TS2339: Property 'activityType' does not exist on type 'Employee'.
src/app/Componentes/ComponEstadistica/Globalstat.tsx(45,9): error TS2339: Property 'activityType' does not exist on type 'Employee'.
src/app/Componentes/ComponEstadistica/Globalstat.tsx(46,9): error TS2339: Property 'activityType' does not exist on type 'Employee'.
src/app/Componentes/ComponEstadistica/Globalstat.tsx(78,17): error TS2538: Type 'Department' cannot be used as an index type.
src/app/Componentes/ComponEstadistica/Globalstat.tsx(78,37): error TS2538: Type 'Department' cannot be used as an index type.
src/app/Componentes/ComponEstadistica/Globalstat.tsx(79,17): error TS2538: Type 'Department' cannot be used as an index type.
src/app/Componentes/ComponEstadistica/Globalstat.tsx(80,17): error TS2538: Type 'Department' cannot be used as an index type.
src/app/Componentes/ComponEstadistica/Productivity.tsx(65,52): error TS2367: This comparison appears to be unintentional because the types 'Department' and 'string | undefined' have no overlap.
src/app/Componentes/ComponEstadistica/Productivity.tsx(66,56): error TS2339: Property 'activityType' does not exist on type 'Employee'.
src/app/Componentes/ComponEstadistica/Productivity.tsx(67,60): error TS2339: Property 'employmentStatus' does not exist on type 'Employee'.
src/app/Componentes/ComponEstadistica/Productivity.tsx(115,77): error TS2322: Type 'Department' is not assignable to type 'ReactNode'.
src/app/Componentes/ModalRRHH/LicenseModal.tsx(357,72): error TS2339: Property 'originalMessage' does not exist on type 'LicenseHistory'.
src/app/GestionLicencias/FormularioLicencia.tsx(324,7): error TS2353: Object literal may only specify known properties, and 'originalMessage' does not exist in type 'LicenseHistory'.
src/app/lib/data-grouping.ts(9,14): error TS2538: Type 'Department' cannot be used as an index type.
src/app/lib/data-grouping.ts(10,11): error TS2538: Type 'Department' cannot be used as an index type.
src/app/lib/data-grouping.ts(12,9): error TS2538: Type 'Department' cannot be used as an index type.
src/app/lib/insight-generator.ts(91,56): error TS2339: Property 'startDate' does not exist on type 'Employee'.
src/app/util/Constants.ts(2,10): error TS2305: Module '"../Interfas/Interfaces"' has no exported member 'SkillSeverity'.
